Entry : Nothingness 
 	 Title: [On empty articles]
	 Authors: [U. Nobody, A. Nonymous]
	 Year: [1995]
	 Pages: [0-0] 
